src/hooks/__tests__/useAchievements.test.ts(90,9): error TS2353: Object literal may only specify known properties, and 'order' does not exist in type 'PostgrestQueryBuilder<any, any, any, string, unknown>'.
src/hooks/__tests__/useAchievements.test.ts(113,9): error TS2353: Object literal may only specify known properties, and 'order' does not exist in type 'PostgrestQueryBuilder<any, any, any, string, unknown>'.
src/hooks/__tests__/useAchievements.test.ts(144,30): error TS2345: Argument of type '{ select: jest.Mock<any, any, any>; order: jest.Mock<any, any, any>; }' is not assignable to parameter of type 'PostgrestQueryBuilder<any, any, any, string, unknown>'.
  Type '{ select: Mock<any, any, any>; order: Mock<any, any, any>; }' is missing the following properties from type 'PostgrestQueryBuilder<any, any, any, string, unknown>': url, headers, urlLengthLimit, cloneRequestState, and 4 more.
src/hooks/__tests__/useAchievements.test.ts(145,30): error TS2345: Argument of type '{ select: jest.Mock<any, any, any>; eq: jest.Mock<any, any, any>; order: jest.Mock<any, any, any>; }' is not assignable to parameter of type 'PostgrestQueryBuilder<any, any, any, string, unknown>'.
  Type '{ select: Mock<any, any, any>; eq: Mock<any, any, any>; order: Mock<any, any, any>; }' is missing the following properties from type 'PostgrestQueryBuilder<any, any, any, string, unknown>': url, headers, urlLengthLimit, cloneRequestState, and 4 more.
src/hooks/__tests__/useAchievements.test.ts(164,9): error TS2353: Object literal may only specify known properties, and 'order' does not exist in type 'PostgrestQueryBuilder<any, any, any, string, unknown>'.
src/hooks/__tests__/useAchievements.test.ts(196,30): error TS2345: Argument of type '{ select: jest.Mock<any, any, any>; order: jest.Mock<any, any, any>; }' is not assignable to parameter of type 'PostgrestQueryBuilder<any, any, any, string, unknown>'.
  Type '{ select: Mock<any, any, any>; order: Mock<any, any, any>; }' is missing the following properties from type 'PostgrestQueryBuilder<any, any, any, string, unknown>': url, headers, urlLengthLimit, cloneRequestState, and 4 more.
src/hooks/__tests__/useAchievements.test.ts(197,30): error TS2345: Argument of type '{ select: jest.Mock<any, any, any>; eq: jest.Mock<any, any, any>; order: jest.Mock<any, any, any>; }' is not assignable to parameter of type 'PostgrestQueryBuilder<any, any, any, string, unknown>'.
  Type '{ select: Mock<any, any, any>; eq: Mock<any, any, any>; order: Mock<any, any, any>; }' is missing the following properties from type 'PostgrestQueryBuilder<any, any, any, string, unknown>': url, headers, urlLengthLimit, cloneRequestState, and 4 more.
src/hooks/__tests__/useAchievements.test.ts(226,30): error TS2345: Argument of type '{ select: jest.Mock<any, any, any>; order: jest.Mock<any, any, any>; }' is not assignable to parameter of type 'PostgrestQueryBuilder<any, any, any, string, unknown>'.
  Type '{ select: Mock<any, any, any>; order: Mock<any, any, any>; }' is missing the following properties from type 'PostgrestQueryBuilder<any, any, any, string, unknown>': url, headers, urlLengthLimit, cloneRequestState, and 4 more.
src/hooks/__tests__/useAchievements.test.ts(227,30): error TS2345: Argument of type '{ select: jest.Mock<any, any, any>; eq: jest.Mock<any, any, any>; order: jest.Mock<any, any, any>; }' is not assignable to parameter of type 'PostgrestQueryBuilder<any, any, any, string, unknown>'.
  Type '{ select: Mock<any, any, any>; eq: Mock<any, any, any>; order: Mock<any, any, any>; }' is missing the following properties from type 'PostgrestQueryBuilder<any, any, any, string, unknown>': url, headers, urlLengthLimit, cloneRequestState, and 4 more.
src/hooks/__tests__/useAchievements.test.ts(274,30): error TS2345: Argument of type '{ select: jest.Mock<any, any, any>; order: jest.Mock<any, any, any>; }' is not assignable to parameter of type 'PostgrestQueryBuilder<any, any, any, string, unknown>'.
  Type '{ select: Mock<any, any, any>; order: Mock<any, any, any>; }' is missing the following properties from type 'PostgrestQueryBuilder<any, any, any, string, unknown>': url, headers, urlLengthLimit, cloneRequestState, and 4 more.
src/hooks/__tests__/useAchievements.test.ts(275,30): error TS2345: Argument of type '{ select: jest.Mock<any, any, any>; eq: jest.Mock<any, any, any>; order: jest.Mock<any, any, any>; }' is not assignable to parameter of type 'PostgrestQueryBuilder<any, any, any, string, unknown>'.
  Type '{ select: Mock<any, any, any>; eq: Mock<any, any, any>; order: Mock<any, any, any>; }' is missing the following properties from type 'PostgrestQueryBuilder<any, any, any, string, unknown>': url, headers, urlLengthLimit, cloneRequestState, and 4 more.
src/hooks/__tests__/useAchievements.test.ts(303,30): error TS2345: Argument of type '{ select: jest.Mock<any, any, any>; order: jest.Mock<any, any, any>; }' is not assignable to parameter of type 'PostgrestQueryBuilder<any, any, any, string, unknown>'.
  Type '{ select: Mock<any, any, any>; order: Mock<any, any, any>; }' is missing the following properties from type 'PostgrestQueryBuilder<any, any, any, string, unknown>': url, headers, urlLengthLimit, cloneRequestState, and 4 more.
src/hooks/__tests__/useAchievements.test.ts(304,30): error TS2345: Argument of type '{ select: jest.Mock<any, any, any>; eq: jest.Mock<any, any, any>; order: jest.Mock<any, any, any>; }' is not assignable to parameter of type 'PostgrestQueryBuilder<any, any, any, string, unknown>'.
  Type '{ select: Mock<any, any, any>; eq: Mock<any, any, any>; order: Mock<any, any, any>; }' is missing the following properties from type 'PostgrestQueryBuilder<any, any, any, string, unknown>': url, headers, urlLengthLimit, cloneRequestState, and 4 more.
src/hooks/__tests__/useAchievements.test.ts(352,30): error TS2345: Argument of type '{ select: jest.Mock<any, any, any>; order: jest.Mock<any, any, any>; }' is not assignable to parameter of type 'PostgrestQueryBuilder<any, any, any, string, unknown>'.
  Type '{ select: Mock<any, any, any>; order: Mock<any, any, any>; }' is missing the following properties from type 'PostgrestQueryBuilder<any, any, any, string, unknown>': url, headers, urlLengthLimit, cloneRequestState, and 4 more.
src/hooks/__tests__/useAchievements.test.ts(353,30): error TS2345: Argument of type '{ select: jest.Mock<any, any, any>; eq: jest.Mock<any, any, any>; order: jest.Mock<any, any, any>; }' is not assignable to parameter of type 'PostgrestQueryBuilder<any, any, any, string, unknown>'.
  Type '{ select: Mock<any, any, any>; eq: Mock<any, any, any>; order: Mock<any, any, any>; }' is missing the following properties from type 'PostgrestQueryBuilder<any, any, any, string, unknown>': url, headers, urlLengthLimit, cloneRequestState, and 4 more.
src/hooks/__tests__/useAchievements.test.ts(383,30): error TS2345: Argument of type '{ select: jest.Mock<any, any, any>; order: jest.Mock<any, any, any>; }' is not assignable to parameter of type 'PostgrestQueryBuilder<any, any, any, string, unknown>'.
  Type '{ select: Mock<any, any, any>; order: Mock<any, any, any>; }' is missing the following properties from type 'PostgrestQueryBuilder<any, any, any, string, unknown>': url, headers, urlLengthLimit, cloneRequestState, and 4 more.
src/hooks/__tests__/useAchievements.test.ts(384,30): error TS2345: Argument of type '{ select: jest.Mock<any, any, any>; eq: jest.Mock<any, any, any>; order: jest.Mock<any, any, any>; }' is not assignable to parameter of type 'PostgrestQueryBuilder<any, any, any, string, unknown>'.
  Type '{ select: Mock<any, any, any>; eq: Mock<any, any, any>; order: Mock<any, any, any>; }' is missing the following properties from type 'PostgrestQueryBuilder<any, any, any, string, unknown>': url, headers, urlLengthLimit, cloneRequestState, and 4 more.
src/hooks/__tests__/useAchievements.test.ts(417,30): error TS2345: Argument of type '{ select: jest.Mock<any, any, any>; order: jest.Mock<any, any, any>; }' is not assignable to parameter of type 'PostgrestQueryBuilder<any, any, any, string, unknown>'.
  Type '{ select: Mock<any, any, any>; order: Mock<any, any, any>; }' is missing the following properties from type 'PostgrestQueryBuilder<any, any, any, string, unknown>': url, headers, urlLengthLimit, cloneRequestState, and 4 more.
src/hooks/__tests__/useAchievements.test.ts(418,30): error TS2345: Argument of type '{ select: jest.Mock<any, any, any>; eq: jest.Mock<any, any, any>; order: jest.Mock<any, any, any>; }' is not assignable to parameter of type 'PostgrestQueryBuilder<any, any, any, string, unknown>'.
  Type '{ select: Mock<any, any, any>; eq: Mock<any, any, any>; order: Mock<any, any, any>; }' is missing the following properties from type 'PostgrestQueryBuilder<any, any, any, string, unknown>': url, headers, urlLengthLimit, cloneRequestState, and 4 more.
src/hooks/__tests__/useAchievements.test.ts(454,30): error TS2345: Argument of type '{ select: jest.Mock<any, any, any>; order: jest.Mock<any, any, any>; }' is not assignable to parameter of type 'PostgrestQueryBuilder<any, any, any, string, unknown>'.
  Type '{ select: Mock<any, any, any>; order: Mock<any, any, any>; }' is missing the following properties from type 'PostgrestQueryBuilder<any, any, any, string, unknown>': url, headers, urlLengthLimit, cloneRequestState, and 4 more.
src/hooks/__tests__/useAchievements.test.ts(455,30): error TS2345: Argument of type '{ select: jest.Mock<any, any, any>; eq: jest.Mock<any, any, any>; order: jest.Mock<any, any, any>; }' is not assignable to parameter of type 'PostgrestQueryBuilder<any, any, any, string, unknown>'.
  Type '{ select: Mock<any, any, any>; eq: Mock<any, any, any>; order: Mock<any, any, any>; }' is missing the following properties from type 'PostgrestQueryBuilder<any, any, any, string, unknown>': url, headers, urlLengthLimit, cloneRequestState, and 4 more.
src/hooks/__tests__/useAchievements.test.ts(456,30): error TS2345: Argument of type '{ upsert: jest.Mock<any, any, any>; }' is not assignable to parameter of type 'PostgrestQueryBuilder<any, any, any, string, unknown>'.
  Type '{ upsert: Mock<any, any, any>; }' is missing the following properties from type 'PostgrestQueryBuilder<any, any, any, string, unknown>': url, headers, urlLengthLimit, cloneRequestState, and 4 more.
src/hooks/__tests__/useAchievements.test.ts(457,30): error TS2345: Argument of type '{ select: jest.Mock<any, any, any>; order: jest.Mock<any, any, any>; }' is not assignable to parameter of type 'PostgrestQueryBuilder<any, any, any, string, unknown>'.
  Type '{ select: Mock<any, any, any>; order: Mock<any, any, any>; }' is missing the following properties from type 'PostgrestQueryBuilder<any, any, any, string, unknown>': url, headers, urlLengthLimit, cloneRequestState, and 4 more.
src/hooks/__tests__/useAchievements.test.ts(458,30): error TS2345: Argument of type '{ select: jest.Mock<any, any, any>; eq: jest.Mock<any, any, any>; order: jest.Mock<any, any, any>; }' is not assignable to parameter of type 'PostgrestQueryBuilder<any, any, any, string, unknown>'.
  Type '{ select: Mock<any, any, any>; eq: Mock<any, any, any>; order: Mock<any, any, any>; }' is missing the following properties from type 'PostgrestQueryBuilder<any, any, any, string, unknown>': url, headers, urlLengthLimit, cloneRequestState, and 4 more.
src/hooks/__tests__/useAchievements.test.ts(502,30): error TS2345: Argument of type '{ select: jest.Mock<any, any, any>; order: jest.Mock<any, any, any>; }' is not assignable to parameter of type 'PostgrestQueryBuilder<any, any, any, string, unknown>'.
  Type '{ select: Mock<any, any, any>; order: Mock<any, any, any>; }' is missing the following properties from type 'PostgrestQueryBuilder<any, any, any, string, unknown>': url, headers, urlLengthLimit, cloneRequestState, and 4 more.
src/hooks/__tests__/useAchievements.test.ts(503,30): error TS2345: Argument of type '{ select: jest.Mock<any, any, any>; eq: jest.Mock<any, any, any>; order: jest.Mock<any, any, any>; }' is not assignable to parameter of type 'PostgrestQueryBuilder<any, any, any, string, unknown>'.
  Type '{ select: Mock<any, any, any>; eq: Mock<any, any, any>; order: Mock<any, any, any>; }' is missing the following properties from type 'PostgrestQueryBuilder<any, any, any, string, unknown>': url, headers, urlLengthLimit, cloneRequestState, and 4 more.
src/hooks/__tests__/useAchievements.test.ts(504,30): error TS2345: Argument of type '{ upsert: jest.Mock<any, any, any>; }' is not assignable to parameter of type 'PostgrestQueryBuilder<any, any, any, string, unknown>'.
  Type '{ upsert: Mock<any, any, any>; }' is missing the following properties from type 'PostgrestQueryBuilder<any, any, any, string, unknown>': url, headers, urlLengthLimit, cloneRequestState, and 4 more.
src/hooks/__tests__/useAchievements.test.ts(505,30): error TS2345: Argument of type '{ select: jest.Mock<any, any, any>; order: jest.Mock<any, any, any>; }' is not assignable to parameter of type 'PostgrestQueryBuilder<any, any, any, string, unknown>'.
  Type '{ select: Mock<any, any, any>; order: Mock<any, any, any>; }' is missing the following properties from type 'PostgrestQueryBuilder<any, any, any, string, unknown>': url, headers, urlLengthLimit, cloneRequestState, and 4 more.
src/hooks/__tests__/useAchievements.test.ts(506,30): error TS2345: Argument of type '{ select: jest.Mock<any, any, any>; eq: jest.Mock<any, any, any>; order: jest.Mock<any, any, any>; }' is not assignable to parameter of type 'PostgrestQueryBuilder<any, any, any, string, unknown>'.
  Type '{ select: Mock<any, any, any>; eq: Mock<any, any, any>; order: Mock<any, any, any>; }' is missing the following properties from type 'PostgrestQueryBuilder<any, any, any, string, unknown>': url, headers, urlLengthLimit, cloneRequestState, and 4 more.
src/hooks/__tests__/useAchievements.test.ts(554,30): error TS2345: Argument of type '{ select: jest.Mock<any, any, any>; order: jest.Mock<any, any, any>; }' is not assignable to parameter of type 'PostgrestQueryBuilder<any, any, any, string, unknown>'.
  Type '{ select: Mock<any, any, any>; order: Mock<any, any, any>; }' is missing the following properties from type 'PostgrestQueryBuilder<any, any, any, string, unknown>': url, headers, urlLengthLimit, cloneRequestState, and 4 more.
src/hooks/__tests__/useAchievements.test.ts(555,30): error TS2345: Argument of type '{ select: jest.Mock<any, any, any>; eq: jest.Mock<any, any, any>; order: jest.Mock<any, any, any>; }' is not assignable to parameter of type 'PostgrestQueryBuilder<any, any, any, string, unknown>'.
  Type '{ select: Mock<any, any, any>; eq: Mock<any, any, any>; order: Mock<any, any, any>; }' is missing the following properties from type 'PostgrestQueryBuilder<any, any, any, string, unknown>': url, headers, urlLengthLimit, cloneRequestState, and 4 more.
src/hooks/__tests__/useAchievements.test.ts(591,30): error TS2345: Argument of type '{ select: jest.Mock<any, any, any>; order: jest.Mock<any, any, any>; }' is not assignable to parameter of type 'PostgrestQueryBuilder<any, any, any, string, unknown>'.
  Type '{ select: Mock<any, any, any>; order: Mock<any, any, any>; }' is missing the following properties from type 'PostgrestQueryBuilder<any, any, any, string, unknown>': url, headers, urlLengthLimit, cloneRequestState, and 4 more.
src/hooks/__tests__/useAchievements.test.ts(592,30): error TS2345: Argument of type '{ select: jest.Mock<any, any, any>; eq: jest.Mock<any, any, any>; order: jest.Mock<any, any, any>; }' is not assignable to parameter of type 'PostgrestQueryBuilder<any, any, any, string, unknown>'.
  Type '{ select: Mock<any, any, any>; eq: Mock<any, any, any>; order: Mock<any, any, any>; }' is missing the following properties from type 'PostgrestQueryBuilder<any, any, any, string, unknown>': url, headers, urlLengthLimit, cloneRequestState, and 4 more.
src/hooks/__tests__/useAchievements.test.ts(593,30): error TS2345: Argument of type '{ select: jest.Mock<any, any, any>; order: jest.Mock<any, any, any>; }' is not assignable to parameter of type 'PostgrestQueryBuilder<any, any, any, string, unknown>'.
  Type '{ select: Mock<any, any, any>; order: Mock<any, any, any>; }' is missing the following properties from type 'PostgrestQueryBuilder<any, any, any, string, unknown>': url, headers, urlLengthLimit, cloneRequestState, and 4 more.
src/hooks/__tests__/useAchievements.test.ts(594,30): error TS2345: Argument of type '{ select: jest.Mock<any, any, any>; eq: jest.Mock<any, any, any>; order: jest.Mock<any, any, any>; }' is not assignable to parameter of type 'PostgrestQueryBuilder<any, any, any, string, unknown>'.
  Type '{ select: Mock<any, any, any>; eq: Mock<any, any, any>; order: Mock<any, any, any>; }' is missing the following properties from type 'PostgrestQueryBuilder<any, any, any, string, unknown>': url, headers, urlLengthLimit, cloneRequestState, and 4 more.
src/hooks/__tests__/useAchievements.test.ts(630,30): error TS2345: Argument of type '{ select: jest.Mock<any, any, any>; order: jest.Mock<any, any, any>; }' is not assignable to parameter of type 'PostgrestQueryBuilder<any, any, any, string, unknown>'.
  Type '{ select: Mock<any, any, any>; order: Mock<any, any, any>; }' is missing the following properties from type 'PostgrestQueryBuilder<any, any, any, string, unknown>': url, headers, urlLengthLimit, cloneRequestState, and 4 more.
src/hooks/__tests__/useAchievements.test.ts(631,30): error TS2345: Argument of type '{ select: jest.Mock<any, any, any>; eq: jest.Mock<any, any, any>; order: jest.Mock<any, any, any>; }' is not assignable to parameter of type 'PostgrestQueryBuilder<any, any, any, string, unknown>'.
  Type '{ select: Mock<any, any, any>; eq: Mock<any, any, any>; order: Mock<any, any, any>; }' is missing the following properties from type 'PostgrestQueryBuilder<any, any, any, string, unknown>': url, headers, urlLengthLimit, cloneRequestState, and 4 more.
src/hooks/__tests__/useBuilds.test.ts(80,9): error TS2353: Object literal may only specify known properties, and 'order' does not exist in type 'PostgrestQueryBuilder<any, any, any, string, unknown>'.
src/hooks/__tests__/useBuilds.test.ts(100,9): error TS2353: Object literal may only specify known properties, and 'order' does not exist in type 'PostgrestQueryBuilder<any, any, any, string, unknown>'.
src/hooks/__tests__/useBuilds.test.ts(139,30): error TS2345: Argument of type '{ select: jest.Mock<any, any, any>; order: jest.Mock<any, any, any>; or: jest.Mock<any, any, any>; eq: jest.Mock<any, any, any>; limit: jest.Mock<any, any, any>; }' is not assignable to parameter of type 'PostgrestQueryBuilder<any, any, any, string, unknown>'.
  Type '{ select: Mock<any, any, any>; order: Mock<any, any, any>; or: Mock<any, any, any>; eq: Mock<any, any, any>; limit: Mock<any, any, any>; }' is missing the following properties from type 'PostgrestQueryBuilder<any, any, any, string, unknown>': url, headers, urlLengthLimit, cloneRequestState, and 4 more.
src/hooks/__tests__/useBuilds.test.ts(140,30): error TS2345: Argument of type '{ select: jest.Mock<any, any, any>; eq: jest.Mock<any, any, any>; }' is not assignable to parameter of type 'PostgrestQueryBuilder<any, any, any, string, unknown>'.
  Type '{ select: Mock<any, any, any>; eq: Mock<any, any, any>; }' is missing the following properties from type 'PostgrestQueryBuilder<any, any, any, string, unknown>': url, headers, urlLengthLimit, cloneRequestState, and 4 more.
src/hooks/__tests__/useBuilds.test.ts(171,30): error TS2345: Argument of type '{ select: jest.Mock<any, any, any>; order: jest.Mock<any, any, any>; or: jest.Mock<any, any, any>; eq: jest.Mock<any, any, any>; limit: jest.Mock<any, any, any>; }' is not assignable to parameter of type 'PostgrestQueryBuilder<any, any, any, string, unknown>'.
  Type '{ select: Mock<any, any, any>; order: Mock<any, any, any>; or: Mock<any, any, any>; eq: Mock<any, any, any>; limit: Mock<any, any, any>; }' is missing the following properties from type 'PostgrestQueryBuilder<any, any, any, string, unknown>': url, headers, urlLengthLimit, cloneRequestState, and 4 more.
src/hooks/__tests__/useBuilds.test.ts(172,30): error TS2345: Argument of type '{ select: jest.Mock<any, any, any>; eq: jest.Mock<any, any, any>; }' is not assignable to parameter of type 'PostgrestQueryBuilder<any, any, any, string, unknown>'.
  Type '{ select: Mock<any, any, any>; eq: Mock<any, any, any>; }' is missing the following properties from type 'PostgrestQueryBuilder<any, any, any, string, unknown>': url, headers, urlLengthLimit, cloneRequestState, and 4 more.
src/hooks/__tests__/useBuilds.test.ts(203,30): error TS2345: Argument of type '{ select: jest.Mock<any, any, any>; order: jest.Mock<any, any, any>; or: jest.Mock<any, any, any>; eq: jest.Mock<any, any, any>; limit: jest.Mock<any, any, any>; }' is not assignable to parameter of type 'PostgrestQueryBuilder<any, any, any, string, unknown>'.
  Type '{ select: Mock<any, any, any>; order: Mock<any, any, any>; or: Mock<any, any, any>; eq: Mock<any, any, any>; limit: Mock<any, any, any>; }' is missing the following properties from type 'PostgrestQueryBuilder<any, any, any, string, unknown>': url, headers, urlLengthLimit, cloneRequestState, and 4 more.
src/hooks/__tests__/useBuilds.test.ts(204,30): error TS2345: Argument of type '{ select: jest.Mock<any, any, any>; eq: jest.Mock<any, any, any>; }' is not assignable to parameter of type 'PostgrestQueryBuilder<any, any, any, string, unknown>'.
  Type '{ select: Mock<any, any, any>; eq: Mock<any, any, any>; }' is missing the following properties from type 'PostgrestQueryBuilder<any, any, any, string, unknown>': url, headers, urlLengthLimit, cloneRequestState, and 4 more.
src/hooks/__tests__/useBuilds.test.ts(220,9): error TS2353: Object literal may only specify known properties, and 'order' does not exist in type 'PostgrestQueryBuilder<any, any, any, string, unknown>'.
src/hooks/__tests__/useBuilds.test.ts(267,30): error TS2345: Argument of type '{ select: jest.Mock<any, any, any>; order: jest.Mock<any, any, any>; or: jest.Mock<any, any, any>; eq: jest.Mock<any, any, any>; limit: jest.Mock<any, any, any>; }' is not assignable to parameter of type 'PostgrestQueryBuilder<any, any, any, string, unknown>'.
  Type '{ select: Mock<any, any, any>; order: Mock<any, any, any>; or: Mock<any, any, any>; eq: Mock<any, any, any>; limit: Mock<any, any, any>; }' is missing the following properties from type 'PostgrestQueryBuilder<any, any, any, string, unknown>': url, headers, urlLengthLimit, cloneRequestState, and 4 more.
src/hooks/__tests__/useBuilds.test.ts(268,30): error TS2345: Argument of type '{ select: jest.Mock<any, any, any>; eq: jest.Mock<any, any, any>; }' is not assignable to parameter of type 'PostgrestQueryBuilder<any, any, any, string, unknown>'.
  Type '{ select: Mock<any, any, any>; eq: Mock<any, any, any>; }' is missing the following properties from type 'PostgrestQueryBuilder<any, any, any, string, unknown>': url, headers, urlLengthLimit, cloneRequestState, and 4 more.
src/hooks/__tests__/useBuilds.test.ts(269,30): error TS2345: Argument of type '{ insert: jest.Mock<any, any, any>; select: jest.Mock<any, any, any>; single: jest.Mock<any, any, any>; }' is not assignable to parameter of type 'PostgrestQueryBuilder<any, any, any, string, unknown>'.
  Type '{ insert: Mock<any, any, any>; select: Mock<any, any, any>; single: Mock<any, any, any>; }' is missing the following properties from type 'PostgrestQueryBuilder<any, any, any, string, unknown>': url, headers, urlLengthLimit, cloneRequestState, and 3 more.
src/hooks/__tests__/useBuilds.test.ts(270,30): error TS2345: Argument of type '{ select: jest.Mock<any, any, any>; order: jest.Mock<any, any, any>; or: jest.Mock<any, any, any>; eq: jest.Mock<any, any, any>; limit: jest.Mock<any, any, any>; }' is not assignable to parameter of type 'PostgrestQueryBuilder<any, any, any, string, unknown>'.
  Type '{ select: Mock<any, any, any>; order: Mock<any, any, any>; or: Mock<any, any, any>; eq: Mock<any, any, any>; limit: Mock<any, any, any>; }' is missing the following properties from type 'PostgrestQueryBuilder<any, any, any, string, unknown>': url, headers, urlLengthLimit, cloneRequestState, and 4 more.
src/hooks/__tests__/useBuilds.test.ts(271,30): error TS2345: Argument of type '{ select: jest.Mock<any, any, any>; eq: jest.Mock<any, any, any>; }' is not assignable to parameter of type 'PostgrestQueryBuilder<any, any, any, string, unknown>'.
  Type '{ select: Mock<any, any, any>; eq: Mock<any, any, any>; }' is missing the following properties from type 'PostgrestQueryBuilder<any, any, any, string, unknown>': url, headers, urlLengthLimit, cloneRequestState, and 4 more.
src/hooks/__tests__/useBuilds.test.ts(294,10): error TS2339: Property 'mockResolvedValueOnce' does not exist on type '(jwt?: string | undefined) => Promise<UserResponse>'.
src/hooks/__tests__/useBuilds.test.ts(321,30): error TS2345: Argument of type '{ select: jest.Mock<any, any, any>; order: jest.Mock<any, any, any>; or: jest.Mock<any, any, any>; eq: jest.Mock<any, any, any>; limit: jest.Mock<any, any, any>; }' is not assignable to parameter of type 'PostgrestQueryBuilder<any, any, any, string, unknown>'.
  Type '{ select: Mock<any, any, any>; order: Mock<any, any, any>; or: Mock<any, any, any>; eq: Mock<any, any, any>; limit: Mock<any, any, any>; }' is missing the following properties from type 'PostgrestQueryBuilder<any, any, any, string, unknown>': url, headers, urlLengthLimit, cloneRequestState, and 4 more.
src/hooks/__tests__/useBuilds.test.ts(322,30): error TS2345: Argument of type '{ select: jest.Mock<any, any, any>; eq: jest.Mock<any, any, any>; }' is not assignable to parameter of type 'PostgrestQueryBuilder<any, any, any, string, unknown>'.
  Type '{ select: Mock<any, any, any>; eq: Mock<any, any, any>; }' is missing the following properties from type 'PostgrestQueryBuilder<any, any, any, string, unknown>': url, headers, urlLengthLimit, cloneRequestState, and 4 more.
src/hooks/__tests__/useBuilds.test.ts(363,30): error TS2345: Argument of type '{ select: jest.Mock<any, any, any>; order: jest.Mock<any, any, any>; or: jest.Mock<any, any, any>; eq: jest.Mock<any, any, any>; limit: jest.Mock<any, any, any>; }' is not assignable to parameter of type 'PostgrestQueryBuilder<any, any, any, string, unknown>'.
  Type '{ select: Mock<any, any, any>; order: Mock<any, any, any>; or: Mock<any, any, any>; eq: Mock<any, any, any>; limit: Mock<any, any, any>; }' is missing the following properties from type 'PostgrestQueryBuilder<any, any, any, string, unknown>': url, headers, urlLengthLimit, cloneRequestState, and 4 more.
src/hooks/__tests__/useBuilds.test.ts(364,30): error TS2345: Argument of type '{ select: jest.Mock<any, any, any>; eq: jest.Mock<any, any, any>; }' is not assignable to parameter of type 'PostgrestQueryBuilder<any, any, any, string, unknown>'.
  Type '{ select: Mock<any, any, any>; eq: Mock<any, any, any>; }' is missing the following properties from type 'PostgrestQueryBuilder<any, any, any, string, unknown>': url, headers, urlLengthLimit, cloneRequestState, and 4 more.
src/hooks/__tests__/useBuilds.test.ts(393,30): error TS2345: Argument of type '{ select: jest.Mock<any, any, any>; order: jest.Mock<any, any, any>; or: jest.Mock<any, any, any>; eq: jest.Mock<any, any, any>; limit: jest.Mock<any, any, any>; }' is not assignable to parameter of type 'PostgrestQueryBuilder<any, any, any, string, unknown>'.
  Type '{ select: Mock<any, any, any>; order: Mock<any, any, any>; or: Mock<any, any, any>; eq: Mock<any, any, any>; limit: Mock<any, any, any>; }' is missing the following properties from type 'PostgrestQueryBuilder<any, any, any, string, unknown>': url, headers, urlLengthLimit, cloneRequestState, and 4 more.
src/hooks/__tests__/useBuilds.test.ts(394,30): error TS2345: Argument of type '{ select: jest.Mock<any, any, any>; eq: jest.Mock<any, any, any>; }' is not assignable to parameter of type 'PostgrestQueryBuilder<any, any, any, string, unknown>'.
  Type '{ select: Mock<any, any, any>; eq: Mock<any, any, any>; }' is missing the following properties from type 'PostgrestQueryBuilder<any, any, any, string, unknown>': url, headers, urlLengthLimit, cloneRequestState, and 4 more.
src/hooks/__tests__/useBuilds.test.ts(425,30): error TS2345: Argument of type '{ select: jest.Mock<any, any, any>; order: jest.Mock<any, any, any>; or: jest.Mock<any, any, any>; eq: jest.Mock<any, any, any>; limit: jest.Mock<any, any, any>; }' is not assignable to parameter of type 'PostgrestQueryBuilder<any, any, any, string, unknown>'.
  Type '{ select: Mock<any, any, any>; order: Mock<any, any, any>; or: Mock<any, any, any>; eq: Mock<any, any, any>; limit: Mock<any, any, any>; }' is missing the following properties from type 'PostgrestQueryBuilder<any, any, any, string, unknown>': url, headers, urlLengthLimit, cloneRequestState, and 4 more.
src/hooks/__tests__/useBuilds.test.ts(426,30): error TS2345: Argument of type '{ select: jest.Mock<any, any, any>; eq: jest.Mock<any, any, any>; }' is not assignable to parameter of type 'PostgrestQueryBuilder<any, any, any, string, unknown>'.
  Type '{ select: Mock<any, any, any>; eq: Mock<any, any, any>; }' is missing the following properties from type 'PostgrestQueryBuilder<any, any, any, string, unknown>': url, headers, urlLengthLimit, cloneRequestState, and 4 more.
src/hooks/__tests__/useBuilds.test.ts(455,30): error TS2345: Argument of type '{ select: jest.Mock<any, any, any>; order: jest.Mock<any, any, any>; or: jest.Mock<any, any, any>; eq: jest.Mock<any, any, any>; limit: jest.Mock<any, any, any>; }' is not assignable to parameter of type 'PostgrestQueryBuilder<any, any, any, string, unknown>'.
  Type '{ select: Mock<any, any, any>; order: Mock<any, any, any>; or: Mock<any, any, any>; eq: Mock<any, any, any>; limit: Mock<any, any, any>; }' is missing the following properties from type 'PostgrestQueryBuilder<any, any, any, string, unknown>': url, headers, urlLengthLimit, cloneRequestState, and 4 more.
src/hooks/__tests__/useBuilds.test.ts(456,30): error TS2345: Argument of type '{ select: jest.Mock<any, any, any>; eq: jest.Mock<any, any, any>; }' is not assignable to parameter of type 'PostgrestQueryBuilder<any, any, any, string, unknown>'.
  Type '{ select: Mock<any, any, any>; eq: Mock<any, any, any>; }' is missing the following properties from type 'PostgrestQueryBuilder<any, any, any, string, unknown>': url, headers, urlLengthLimit, cloneRequestState, and 4 more.
src/hooks/__tests__/useBuilds.test.ts(494,30): error TS2345: Argument of type '{ select: jest.Mock<any, any, any>; order: jest.Mock<any, any, any>; or: jest.Mock<any, any, any>; eq: jest.Mock<any, any, any>; limit: jest.Mock<any, any, any>; }' is not assignable to parameter of type 'PostgrestQueryBuilder<any, any, any, string, unknown>'.
  Type '{ select: Mock<any, any, any>; order: Mock<any, any, any>; or: Mock<any, any, any>; eq: Mock<any, any, any>; limit: Mock<any, any, any>; }' is missing the following properties from type 'PostgrestQueryBuilder<any, any, any, string, unknown>': url, headers, urlLengthLimit, cloneRequestState, and 4 more.
src/hooks/__tests__/useBuilds.test.ts(495,30): error TS2345: Argument of type '{ select: jest.Mock<any, any, any>; eq: jest.Mock<any, any, any>; }' is not assignable to parameter of type 'PostgrestQueryBuilder<any, any, any, string, unknown>'.
  Type '{ select: Mock<any, any, any>; eq: Mock<any, any, any>; }' is missing the following properties from type 'PostgrestQueryBuilder<any, any, any, string, unknown>': url, headers, urlLengthLimit, cloneRequestState, and 4 more.
src/hooks/__tests__/useBuilds.test.ts(527,30): error TS2345: Argument of type '{ select: jest.Mock<any, any, any>; order: jest.Mock<any, any, any>; or: jest.Mock<any, any, any>; eq: jest.Mock<any, any, any>; limit: jest.Mock<any, any, any>; }' is not assignable to parameter of type 'PostgrestQueryBuilder<any, any, any, string, unknown>'.
  Type '{ select: Mock<any, any, any>; order: Mock<any, any, any>; or: Mock<any, any, any>; eq: Mock<any, any, any>; limit: Mock<any, any, any>; }' is missing the following properties from type 'PostgrestQueryBuilder<any, any, any, string, unknown>': url, headers, urlLengthLimit, cloneRequestState, and 4 more.
src/hooks/__tests__/useBuilds.test.ts(528,30): error TS2345: Argument of type '{ select: jest.Mock<any, any, any>; eq: jest.Mock<any, any, any>; }' is not assignable to parameter of type 'PostgrestQueryBuilder<any, any, any, string, unknown>'.
  Type '{ select: Mock<any, any, any>; eq: Mock<any, any, any>; }' is missing the following properties from type 'PostgrestQueryBuilder<any, any, any, string, unknown>': url, headers, urlLengthLimit, cloneRequestState, and 4 more.
src/hooks/__tests__/useBuilds.test.ts(560,30): error TS2345: Argument of type '{ select: jest.Mock<any, any, any>; order: jest.Mock<any, any, any>; or: jest.Mock<any, any, any>; eq: jest.Mock<any, any, any>; limit: jest.Mock<any, any, any>; }' is not assignable to parameter of type 'PostgrestQueryBuilder<any, any, any, string, unknown>'.
  Type '{ select: Mock<any, any, any>; order: Mock<any, any, any>; or: Mock<any, any, any>; eq: Mock<any, any, any>; limit: Mock<any, any, any>; }' is missing the following properties from type 'PostgrestQueryBuilder<any, any, any, string, unknown>': url, headers, urlLengthLimit, cloneRequestState, and 4 more.
src/hooks/__tests__/useBuilds.test.ts(561,30): error TS2345: Argument of type '{ select: jest.Mock<any, any, any>; eq: jest.Mock<any, any, any>; }' is not assignable to parameter of type 'PostgrestQueryBuilder<any, any, any, string, unknown>'.
  Type '{ select: Mock<any, any, any>; eq: Mock<any, any, any>; }' is missing the following properties from type 'PostgrestQueryBuilder<any, any, any, string, unknown>': url, headers, urlLengthLimit, cloneRequestState, and 4 more.
src/hooks/__tests__/useBuilds.test.ts(562,30): error TS2345: Argument of type '{ select: jest.Mock<any, any, any>; order: jest.Mock<any, any, any>; or: jest.Mock<any, any, any>; eq: jest.Mock<any, any, any>; limit: jest.Mock<any, any, any>; }' is not assignable to parameter of type 'PostgrestQueryBuilder<any, any, any, string, unknown>'.
  Type '{ select: Mock<any, any, any>; order: Mock<any, any, any>; or: Mock<any, any, any>; eq: Mock<any, any, any>; limit: Mock<any, any, any>; }' is missing the following properties from type 'PostgrestQueryBuilder<any, any, any, string, unknown>': url, headers, urlLengthLimit, cloneRequestState, and 4 more.
src/hooks/__tests__/useBuilds.test.ts(563,30): error TS2345: Argument of type '{ select: jest.Mock<any, any, any>; eq: jest.Mock<any, any, any>; }' is not assignable to parameter of type 'PostgrestQueryBuilder<any, any, any, string, unknown>'.
  Type '{ select: Mock<any, any, any>; eq: Mock<any, any, any>; }' is missing the following properties from type 'PostgrestQueryBuilder<any, any, any, string, unknown>': url, headers, urlLengthLimit, cloneRequestState, and 4 more.
src/hooks/__tests__/useCaravans.test.ts(76,9): error TS2353: Object literal may only specify known properties, and 'eq' does not exist in type 'PostgrestQueryBuilder<any, any, any, string, unknown>'.
src/hooks/__tests__/useCaravans.test.ts(100,9): error TS2353: Object literal may only specify known properties, and 'eq' does not exist in type 'PostgrestQueryBuilder<any, any, any, string, unknown>'.
src/hooks/__tests__/useCaravans.test.ts(128,45): error TS2345: Argument of type '{ select: jest.Mock<any, any, any>; eq: jest.Mock<any, any, any>; order: jest.Mock<any, any, any>; }' is not assignable to parameter of type 'PostgrestQueryBuilder<any, any, any, string, unknown>'.
  Type '{ select: Mock<any, any, any>; eq: Mock<any, any, any>; order: Mock<any, any, any>; }' is missing the following properties from type 'PostgrestQueryBuilder<any, any, any, string, unknown>': url, headers, urlLengthLimit, cloneRequestState, and 4 more.
src/hooks/__tests__/useCaravans.test.ts(148,9): error TS2353: Object literal may only specify known properties, and 'eq' does not exist in type 'PostgrestQueryBuilder<any, any, any, string, unknown>'.
src/hooks/__tests__/useCaravans.test.ts(172,45): error TS2345: Argument of type '{ select: jest.Mock<any, any, any>; eq: jest.Mock<any, any, any>; order: jest.Mock<any, any, any>; }' is not assignable to parameter of type 'PostgrestQueryBuilder<any, any, any, string, unknown>'.
  Type '{ select: Mock<any, any, any>; eq: Mock<any, any, any>; order: Mock<any, any, any>; }' is missing the following properties from type 'PostgrestQueryBuilder<any, any, any, string, unknown>': url, headers, urlLengthLimit, cloneRequestState, and 4 more.
src/hooks/__tests__/useCaravans.test.ts(196,9): error TS2353: Object literal may only specify known properties, and 'eq' does not exist in type 'PostgrestQueryBuilder<any, any, any, string, unknown>'.
src/hooks/__tests__/useCaravans.test.ts(232,30): error TS2345: Argument of type '{ select: jest.Mock<any, any, any>; eq: jest.Mock<any, any, any>; order: jest.Mock<any, any, any>; }' is not assignable to parameter of type 'PostgrestQueryBuilder<any, any, any, string, unknown>'.
  Type '{ select: Mock<any, any, any>; eq: Mock<any, any, any>; order: Mock<any, any, any>; }' is missing the following properties from type 'PostgrestQueryBuilder<any, any, any, string, unknown>': url, headers, urlLengthLimit, cloneRequestState, and 4 more.
src/hooks/__tests__/useCaravans.test.ts(233,30): error TS2345: Argument of type '{ insert: jest.Mock<any, any, any>; select: jest.Mock<any, any, any>; single: jest.Mock<any, any, any>; }' is not assignable to parameter of type 'PostgrestQueryBuilder<any, any, any, string, unknown>'.
  Type '{ insert: Mock<any, any, any>; select: Mock<any, any, any>; single: Mock<any, any, any>; }' is missing the following properties from type 'PostgrestQueryBuilder<any, any, any, string, unknown>': url, headers, urlLengthLimit, cloneRequestState, and 3 more.
src/hooks/__tests__/useCaravans.test.ts(234,30): error TS2345: Argument of type '{ select: jest.Mock<any, any, any>; eq: jest.Mock<any, any, any>; order: jest.Mock<any, any, any>; }' is not assignable to parameter of type 'PostgrestQueryBuilder<any, any, any, string, unknown>'.
  Type '{ select: Mock<any, any, any>; eq: Mock<any, any, any>; order: Mock<any, any, any>; }' is missing the following properties from type 'PostgrestQueryBuilder<any, any, any, string, unknown>': url, headers, urlLengthLimit, cloneRequestState, and 4 more.
src/hooks/__tests__/useCaravans.test.ts(300,30): error TS2345: Argument of type '{ select: jest.Mock<any, any, any>; eq: jest.Mock<any, any, any>; order: jest.Mock<any, any, any>; }' is not assignable to parameter of type 'PostgrestQueryBuilder<any, any, any, string, unknown>'.
  Type '{ select: Mock<any, any, any>; eq: Mock<any, any, any>; order: Mock<any, any, any>; }' is missing the following properties from type 'PostgrestQueryBuilder<any, any, any, string, unknown>': url, headers, urlLengthLimit, cloneRequestState, and 4 more.
src/hooks/__tests__/useCaravans.test.ts(301,30): error TS2345: Argument of type '{ update: jest.Mock<any, any, any>; eq: jest.Mock<any, any, any>; }' is not assignable to parameter of type 'PostgrestQueryBuilder<any, any, any, string, unknown>'.
  Type '{ update: Mock<any, any, any>; eq: Mock<any, any, any>; }' is missing the following properties from type 'PostgrestQueryBuilder<any, any, any, string, unknown>': url, headers, urlLengthLimit, cloneRequestState, and 4 more.
src/hooks/__tests__/useCaravans.test.ts(302,30): error TS2345: Argument of type '{ select: jest.Mock<any, any, any>; eq: jest.Mock<any, any, any>; order: jest.Mock<any, any, any>; }' is not assignable to parameter of type 'PostgrestQueryBuilder<any, any, any, string, unknown>'.
  Type '{ select: Mock<any, any, any>; eq: Mock<any, any, any>; order: Mock<any, any, any>; }' is missing the following properties from type 'PostgrestQueryBuilder<any, any, any, string, unknown>': url, headers, urlLengthLimit, cloneRequestState, and 4 more.
src/hooks/__tests__/useCaravans.test.ts(338,30): error TS2345: Argument of type '{ select: jest.Mock<any, any, any>; eq: jest.Mock<any, any, any>; order: jest.Mock<any, any, any>; }' is not assignable to parameter of type 'PostgrestQueryBuilder<any, any, any, string, unknown>'.
  Type '{ select: Mock<any, any, any>; eq: Mock<any, any, any>; order: Mock<any, any, any>; }' is missing the following properties from type 'PostgrestQueryBuilder<any, any, any, string, unknown>': url, headers, urlLengthLimit, cloneRequestState, and 4 more.
src/hooks/__tests__/useCaravans.test.ts(339,30): error TS2345: Argument of type '{ update: jest.Mock<any, any, any>; eq: jest.Mock<any, any, any>; }' is not assignable to parameter of type 'PostgrestQueryBuilder<any, any, any, string, unknown>'.
  Type '{ update: Mock<any, any, any>; eq: Mock<any, any, any>; }' is missing the following properties from type 'PostgrestQueryBuilder<any, any, any, string, unknown>': url, headers, urlLengthLimit, cloneRequestState, and 4 more.
src/hooks/__tests__/useCaravans.test.ts(340,30): error TS2345: Argument of type '{ select: jest.Mock<any, any, any>; eq: jest.Mock<any, any, any>; order: jest.Mock<any, any, any>; }' is not assignable to parameter of type 'PostgrestQueryBuilder<any, any, any, string, unknown>'.
  Type '{ select: Mock<any, any, any>; eq: Mock<any, any, any>; order: Mock<any, any, any>; }' is missing the following properties from type 'PostgrestQueryBuilder<any, any, any, string, unknown>': url, headers, urlLengthLimit, cloneRequestState, and 4 more.
src/hooks/__tests__/useCaravans.test.ts(376,30): error TS2345: Argument of type '{ select: jest.Mock<any, any, any>; eq: jest.Mock<any, any, any>; order: jest.Mock<any, any, any>; }' is not assignable to parameter of type 'PostgrestQueryBuilder<any, any, any, string, unknown>'.
  Type '{ select: Mock<any, any, any>; eq: Mock<any, any, any>; order: Mock<any, any, any>; }' is missing the following properties from type 'PostgrestQueryBuilder<any, any, any, string, unknown>': url, headers, urlLengthLimit, cloneRequestState, and 4 more.
src/hooks/__tests__/useCaravans.test.ts(377,30): error TS2345: Argument of type '{ insert: jest.Mock<any, any, any>; }' is not assignable to parameter of type 'PostgrestQueryBuilder<any, any, any, string, unknown>'.
  Type '{ insert: Mock<any, any, any>; }' is missing the following properties from type 'PostgrestQueryBuilder<any, any, any, string, unknown>': url, headers, urlLengthLimit, cloneRequestState, and 4 more.
src/hooks/__tests__/useCaravans.test.ts(378,30): error TS2345: Argument of type '{ select: jest.Mock<any, any, any>; eq: jest.Mock<any, any, any>; order: jest.Mock<any, any, any>; }' is not assignable to parameter of type 'PostgrestQueryBuilder<any, any, any, string, unknown>'.
  Type '{ select: Mock<any, any, any>; eq: Mock<any, any, any>; order: Mock<any, any, any>; }' is missing the following properties from type 'PostgrestQueryBuilder<any, any, any, string, unknown>': url, headers, urlLengthLimit, cloneRequestState, and 4 more.
src/hooks/__tests__/useCaravans.test.ts(421,30): error TS2345: Argument of type '{ select: jest.Mock<any, any, any>; eq: jest.Mock<any, any, any>; order: jest.Mock<any, any, any>; }' is not assignable to parameter of type 'PostgrestQueryBuilder<any, any, any, string, unknown>'.
  Type '{ select: Mock<any, any, any>; eq: Mock<any, any, any>; order: Mock<any, any, any>; }' is missing the following properties from type 'PostgrestQueryBuilder<any, any, any, string, unknown>': url, headers, urlLengthLimit, cloneRequestState, and 4 more.
src/hooks/__tests__/useCaravans.test.ts(422,30): error TS2345: Argument of type '{ delete: jest.Mock<any, any, any>; eq: jest.Mock<any, any, any>; }' is not assignable to parameter of type 'PostgrestQueryBuilder<any, any, any, string, unknown>'.
  Type '{ delete: Mock<any, any, any>; eq: Mock<any, any, any>; }' is missing the following properties from type 'PostgrestQueryBuilder<any, any, any, string, unknown>': url, headers, urlLengthLimit, cloneRequestState, and 4 more.
src/hooks/__tests__/useCaravans.test.ts(423,30): error TS2345: Argument of type '{ select: jest.Mock<any, any, any>; eq: jest.Mock<any, any, any>; order: jest.Mock<any, any, any>; }' is not assignable to parameter of type 'PostgrestQueryBuilder<any, any, any, string, unknown>'.
  Type '{ select: Mock<any, any, any>; eq: Mock<any, any, any>; order: Mock<any, any, any>; }' is missing the following properties from type 'PostgrestQueryBuilder<any, any, any, string, unknown>': url, headers, urlLengthLimit, cloneRequestState, and 4 more.
src/hooks/__tests__/useCaravans.test.ts(454,30): error TS2345: Argument of type '{ select: jest.Mock<any, any, any>; eq: jest.Mock<any, any, any>; order: jest.Mock<any, any, any>; }' is not assignable to parameter of type 'PostgrestQueryBuilder<any, any, any, string, unknown>'.
  Type '{ select: Mock<any, any, any>; eq: Mock<any, any, any>; order: Mock<any, any, any>; }' is missing the following properties from type 'PostgrestQueryBuilder<any, any, any, string, unknown>': url, headers, urlLengthLimit, cloneRequestState, and 4 more.
src/hooks/__tests__/useCaravans.test.ts(455,30): error TS2345: Argument of type '{ update: jest.Mock<any, any, any>; eq: jest.Mock<any, any, any>; }' is not assignable to parameter of type 'PostgrestQueryBuilder<any, any, any, string, unknown>'.
  Type '{ update: Mock<any, any, any>; eq: Mock<any, any, any>; }' is missing the following properties from type 'PostgrestQueryBuilder<any, any, any, string, unknown>': url, headers, urlLengthLimit, cloneRequestState, and 4 more.
src/hooks/__tests__/useCaravans.test.ts(456,30): error TS2345: Argument of type '{ select: jest.Mock<any, any, any>; eq: jest.Mock<any, any, any>; order: jest.Mock<any, any, any>; }' is not assignable to parameter of type 'PostgrestQueryBuilder<any, any, any, string, unknown>'.
  Type '{ select: Mock<any, any, any>; eq: Mock<any, any, any>; order: Mock<any, any, any>; }' is missing the following properties from type 'PostgrestQueryBuilder<any, any, any, string, unknown>': url, headers, urlLengthLimit, cloneRequestState, and 4 more.
src/hooks/__tests__/useCaravans.test.ts(490,30): error TS2345: Argument of type '{ select: jest.Mock<any, any, any>; eq: jest.Mock<any, any, any>; order: jest.Mock<any, any, any>; }' is not assignable to parameter of type 'PostgrestQueryBuilder<any, any, any, string, unknown>'.
  Type '{ select: Mock<any, any, any>; eq: Mock<any, any, any>; order: Mock<any, any, any>; }' is missing the following properties from type 'PostgrestQueryBuilder<any, any, any, string, unknown>': url, headers, urlLengthLimit, cloneRequestState, and 4 more.
src/hooks/__tests__/useCaravans.test.ts(491,30): error TS2345: Argument of type '{ insert: jest.Mock<any, any, any>; }' is not assignable to parameter of type 'PostgrestQueryBuilder<any, any, any, string, unknown>'.
  Type '{ insert: Mock<any, any, any>; }' is missing the following properties from type 'PostgrestQueryBuilder<any, any, any, string, unknown>': url, headers, urlLengthLimit, cloneRequestState, and 4 more.
src/hooks/__tests__/useCaravans.test.ts(492,30): error TS2345: Argument of type '{ select: jest.Mock<any, any, any>; eq: jest.Mock<any, any, any>; order: jest.Mock<any, any, any>; }' is not assignable to parameter of type 'PostgrestQueryBuilder<any, any, any, string, unknown>'.
  Type '{ select: Mock<any, any, any>; eq: Mock<any, any, any>; order: Mock<any, any, any>; }' is missing the following properties from type 'PostgrestQueryBuilder<any, any, any, string, unknown>': url, headers, urlLengthLimit, cloneRequestState, and 4 more.
src/hooks/__tests__/useCaravans.test.ts(534,30): error TS2345: Argument of type '{ select: jest.Mock<any, any, any>; eq: jest.Mock<any, any, any>; order: jest.Mock<any, any, any>; }' is not assignable to parameter of type 'PostgrestQueryBuilder<any, any, any, string, unknown>'.
  Type '{ select: Mock<any, any, any>; eq: Mock<any, any, any>; order: Mock<any, any, any>; }' is missing the following properties from type 'PostgrestQueryBuilder<any, any, any, string, unknown>': url, headers, urlLengthLimit, cloneRequestState, and 4 more.
src/hooks/__tests__/useCaravans.test.ts(535,30): error TS2345: Argument of type '{ delete: jest.Mock<any, any, any>; eq: jest.Mock<any, any, any>; }' is not assignable to parameter of type 'PostgrestQueryBuilder<any, any, any, string, unknown>'.
  Type '{ delete: Mock<any, any, any>; eq: Mock<any, any, any>; }' is missing the following properties from type 'PostgrestQueryBuilder<any, any, any, string, unknown>': url, headers, urlLengthLimit, cloneRequestState, and 4 more.
src/hooks/__tests__/useCaravans.test.ts(536,30): error TS2345: Argument of type '{ select: jest.Mock<any, any, any>; eq: jest.Mock<any, any, any>; order: jest.Mock<any, any, any>; }' is not assignable to parameter of type 'PostgrestQueryBuilder<any, any, any, string, unknown>'.
  Type '{ select: Mock<any, any, any>; eq: Mock<any, any, any>; order: Mock<any, any, any>; }' is missing the following properties from type 'PostgrestQueryBuilder<any, any, any, string, unknown>': url, headers, urlLengthLimit, cloneRequestState, and 4 more.
src/hooks/__tests__/useCaravans.test.ts(562,30): error TS2345: Argument of type '{ select: jest.Mock<any, any, any>; eq: jest.Mock<any, any, any>; order: jest.Mock<any, any, any>; }' is not assignable to parameter of type 'PostgrestQueryBuilder<any, any, any, string, unknown>'.
  Type '{ select: Mock<any, any, any>; eq: Mock<any, any, any>; order: Mock<any, any, any>; }' is missing the following properties from type 'PostgrestQueryBuilder<any, any, any, string, unknown>': url, headers, urlLengthLimit, cloneRequestState, and 4 more.
src/hooks/__tests__/useCaravans.test.ts(563,30): error TS2345: Argument of type '{ select: jest.Mock<any, any, any>; eq: jest.Mock<any, any, any>; order: jest.Mock<any, any, any>; }' is not assignable to parameter of type 'PostgrestQueryBuilder<any, any, any, string, unknown>'.
  Type '{ select: Mock<any, any, any>; eq: Mock<any, any, any>; order: Mock<any, any, any>; }' is missing the following properties from type 'PostgrestQueryBuilder<any, any, any, string, unknown>': url, headers, urlLengthLimit, cloneRequestState, and 4 more.
src/hooks/__tests__/useEvents.test.ts(74,28): error TS2345: Argument of type '{ select: jest.Mock<any, any, any>; }' is not assignable to parameter of type 'PostgrestQueryBuilder<any, any, any, string, unknown>'.
  Type '{ select: Mock<any, any, any>; }' is missing the following properties from type 'PostgrestQueryBuilder<any, any, any, string, unknown>': url, headers, urlLengthLimit, cloneRequestState, and 4 more.
src/hooks/__tests__/useEvents.test.ts(75,28): error TS2345: Argument of type '{ select: jest.Mock<any, any, any>; }' is not assignable to parameter of type 'PostgrestQueryBuilder<any, any, any, string, unknown>'.
  Type '{ select: Mock<any, any, any>; }' is missing the following properties from type 'PostgrestQueryBuilder<any, any, any, string, unknown>': url, headers, urlLengthLimit, cloneRequestState, and 4 more.
src/hooks/__tests__/useEvents.test.ts(165,28): error TS2345: Argument of type '{ select: jest.Mock<any, any, any>; }' is not assignable to parameter of type 'PostgrestQueryBuilder<any, any, any, string, unknown>'.
  Type '{ select: Mock<any, any, any>; }' is missing the following properties from type 'PostgrestQueryBuilder<any, any, any, string, unknown>': url, headers, urlLengthLimit, cloneRequestState, and 4 more.
src/hooks/__tests__/useEvents.test.ts(166,28): error TS2345: Argument of type '{ select: jest.Mock<any, any, any>; }' is not assignable to parameter of type 'PostgrestQueryBuilder<any, any, any, string, unknown>'.
  Type '{ select: Mock<any, any, any>; }' is missing the following properties from type 'PostgrestQueryBuilder<any, any, any, string, unknown>': url, headers, urlLengthLimit, cloneRequestState, and 4 more.
src/hooks/__tests__/useEvents.test.ts(167,28): error TS2345: Argument of type '{ insert: jest.Mock<any, any, any>; }' is not assignable to parameter of type 'PostgrestQueryBuilder<any, any, any, string, unknown>'.
  Type '{ insert: Mock<any, any, any>; }' is missing the following properties from type 'PostgrestQueryBuilder<any, any, any, string, unknown>': url, headers, urlLengthLimit, cloneRequestState, and 4 more.
src/hooks/__tests__/useEvents.test.ts(168,28): error TS2345: Argument of type '{ select: jest.Mock<any, any, any>; }' is not assignable to parameter of type 'PostgrestQueryBuilder<any, any, any, string, unknown>'.
  Type '{ select: Mock<any, any, any>; }' is missing the following properties from type 'PostgrestQueryBuilder<any, any, any, string, unknown>': url, headers, urlLengthLimit, cloneRequestState, and 4 more.
src/hooks/__tests__/useEvents.test.ts(169,28): error TS2345: Argument of type '{ select: jest.Mock<any, any, any>; }' is not assignable to parameter of type 'PostgrestQueryBuilder<any, any, any, string, unknown>'.
  Type '{ select: Mock<any, any, any>; }' is missing the following properties from type 'PostgrestQueryBuilder<any, any, any, string, unknown>': url, headers, urlLengthLimit, cloneRequestState, and 4 more.
src/hooks/__tests__/useEvents.test.ts(236,28): error TS2345: Argument of type '{ select: jest.Mock<any, any, any>; }' is not assignable to parameter of type 'PostgrestQueryBuilder<any, any, any, string, unknown>'.
  Type '{ select: Mock<any, any, any>; }' is missing the following properties from type 'PostgrestQueryBuilder<any, any, any, string, unknown>': url, headers, urlLengthLimit, cloneRequestState, and 4 more.
src/hooks/__tests__/useEvents.test.ts(237,28): error TS2345: Argument of type '{ select: jest.Mock<any, any, any>; }' is not assignable to parameter of type 'PostgrestQueryBuilder<any, any, any, string, unknown>'.
  Type '{ select: Mock<any, any, any>; }' is missing the following properties from type 'PostgrestQueryBuilder<any, any, any, string, unknown>': url, headers, urlLengthLimit, cloneRequestState, and 4 more.
src/hooks/__tests__/useEvents.test.ts(238,28): error TS2345: Argument of type '{ upsert: jest.Mock<any, any, any>; }' is not assignable to parameter of type 'PostgrestQueryBuilder<any, any, any, string, unknown>'.
  Type '{ upsert: Mock<any, any, any>; }' is missing the following properties from type 'PostgrestQueryBuilder<any, any, any, string, unknown>': url, headers, urlLengthLimit, cloneRequestState, and 4 more.
src/hooks/__tests__/useEvents.test.ts(239,28): error TS2345: Argument of type '{ select: jest.Mock<any, any, any>; }' is not assignable to parameter of type 'PostgrestQueryBuilder<any, any, any, string, unknown>'.
  Type '{ select: Mock<any, any, any>; }' is missing the following properties from type 'PostgrestQueryBuilder<any, any, any, string, unknown>': url, headers, urlLengthLimit, cloneRequestState, and 4 more.
src/hooks/__tests__/useEvents.test.ts(272,28): error TS2345: Argument of type '{ select: jest.Mock<any, any, any>; }' is not assignable to parameter of type 'PostgrestQueryBuilder<any, any, any, string, unknown>'.
  Type '{ select: Mock<any, any, any>; }' is missing the following properties from type 'PostgrestQueryBuilder<any, any, any, string, unknown>': url, headers, urlLengthLimit, cloneRequestState, and 4 more.
src/hooks/__tests__/useEvents.test.ts(273,28): error TS2345: Argument of type '{ select: jest.Mock<any, any, any>; }' is not assignable to parameter of type 'PostgrestQueryBuilder<any, any, any, string, unknown>'.
  Type '{ select: Mock<any, any, any>; }' is missing the following properties from type 'PostgrestQueryBuilder<any, any, any, string, unknown>': url, headers, urlLengthLimit, cloneRequestState, and 4 more.
src/hooks/__tests__/useEvents.test.ts(274,28): error TS2345: Argument of type '{ delete: jest.Mock<any, any, any>; }' is not assignable to parameter of type 'PostgrestQueryBuilder<any, any, any, string, unknown>'.
  Type '{ delete: Mock<any, any, any>; }' is missing the following properties from type 'PostgrestQueryBuilder<any, any, any, string, unknown>': url, headers, urlLengthLimit, cloneRequestState, and 4 more.
src/hooks/__tests__/useEvents.test.ts(275,28): error TS2345: Argument of type '{ select: jest.Mock<any, any, any>; }' is not assignable to parameter of type 'PostgrestQueryBuilder<any, any, any, string, unknown>'.
  Type '{ select: Mock<any, any, any>; }' is missing the following properties from type 'PostgrestQueryBuilder<any, any, any, string, unknown>': url, headers, urlLengthLimit, cloneRequestState, and 4 more.
src/hooks/__tests__/useFreeholds.test.ts(65,21): error TS2339: Property 'mockReturnValue' does not exist on type '{ <TableName extends string, Table extends any>(relation: TableName): PostgrestQueryBuilder<any, any, Table, TableName, Table extends { Relationships: infer R; } ? R : unknown>; <ViewName extends string, View extends any>(relation: ViewName): PostgrestQueryBuilder<...>; }'.
src/hooks/__tests__/useFreeholds.test.ts(88,21): error TS2339: Property 'mockReturnValue' does not exist on type '{ <TableName extends string, Table extends any>(relation: TableName): PostgrestQueryBuilder<any, any, Table, TableName, Table extends { Relationships: infer R; } ? R : unknown>; <ViewName extends string, View extends any>(relation: ViewName): PostgrestQueryBuilder<...>; }'.
src/hooks/__tests__/useFreeholds.test.ts(115,21): error TS2339: Property 'mockReturnValueOnce' does not exist on type '{ <TableName extends string, Table extends any>(relation: TableName): PostgrestQueryBuilder<any, any, Table, TableName, Table extends { Relationships: infer R; } ? R : unknown>; <ViewName extends string, View extends any>(relation: ViewName): PostgrestQueryBuilder<...>; }'.
src/hooks/__tests__/useFreeholds.test.ts(132,21): error TS2339: Property 'mockReturnValue' does not exist on type '{ <TableName extends string, Table extends any>(relation: TableName): PostgrestQueryBuilder<any, any, Table, TableName, Table extends { Relationships: infer R; } ? R : unknown>; <ViewName extends string, View extends any>(relation: ViewName): PostgrestQueryBuilder<...>; }'.
src/hooks/__tests__/useFreeholds.test.ts(165,10): error TS2339: Property 'mockReturnValueOnce' does not exist on type '{ <TableName extends string, Table extends any>(relation: TableName): PostgrestQueryBuilder<any, any, Table, TableName, Table extends { Relationships: infer R; } ? R : unknown>; <ViewName extends string, View extends any>(relation: ViewName): PostgrestQueryBuilder<...>; }'.
src/hooks/__tests__/useFreeholds.test.ts(210,29): error TS2339: Property 'mockResolvedValueOnce' does not exist on type '(jwt?: string | undefined) => Promise<UserResponse>'.
src/hooks/__tests__/useFreeholds.test.ts(215,21): error TS2339: Property 'mockReturnValue' does not exist on type '{ <TableName extends string, Table extends any>(relation: TableName): PostgrestQueryBuilder<any, any, Table, TableName, Table extends { Relationships: infer R; } ? R : unknown>; <ViewName extends string, View extends any>(relation: ViewName): PostgrestQueryBuilder<...>; }'.
src/hooks/__tests__/useFreeholds.test.ts(250,21): error TS2339: Property 'mockReturnValueOnce' does not exist on type '{ <TableName extends string, Table extends any>(relation: TableName): PostgrestQueryBuilder<any, any, Table, TableName, Table extends { Relationships: infer R; } ? R : unknown>; <ViewName extends string, View extends any>(relation: ViewName): PostgrestQueryBuilder<...>; }'.
src/hooks/__tests__/useFreeholds.test.ts(269,21): error TS2339: Property 'mockReturnValueOnce' does not exist on type '{ <TableName extends string, Table extends any>(relation: TableName): PostgrestQueryBuilder<any, any, Table, TableName, Table extends { Relationships: infer R; } ? R : unknown>; <ViewName extends string, View extends any>(relation: ViewName): PostgrestQueryBuilder<...>; }'.
src/hooks/__tests__/useFreeholds.test.ts(290,21): error TS2339: Property 'mockReturnValueOnce' does not exist on type '{ <TableName extends string, Table extends any>(relation: TableName): PostgrestQueryBuilder<any, any, Table, TableName, Table extends { Relationships: infer R; } ? R : unknown>; <ViewName extends string, View extends any>(relation: ViewName): PostgrestQueryBuilder<...>; }'.
src/hooks/__tests__/useFreeholds.test.ts(309,21): error TS2339: Property 'mockReturnValueOnce' does not exist on type '{ <TableName extends string, Table extends any>(relation: TableName): PostgrestQueryBuilder<any, any, Table, TableName, Table extends { Relationships: infer R; } ? R : unknown>; <ViewName extends string, View extends any>(relation: ViewName): PostgrestQueryBuilder<...>; }'.
src/hooks/__tests__/useFreeholds.test.ts(328,21): error TS2339: Property 'mockReturnValueOnce' does not exist on type '{ <TableName extends string, Table extends any>(relation: TableName): PostgrestQueryBuilder<any, any, Table, TableName, Table extends { Relationships: infer R; } ? R : unknown>; <ViewName extends string, View extends any>(relation: ViewName): PostgrestQueryBuilder<...>; }'.
src/hooks/__tests__/useFreeholds.test.ts(349,21): error TS2339: Property 'mockReturnValueOnce' does not exist on type '{ <TableName extends string, Table extends any>(relation: TableName): PostgrestQueryBuilder<any, any, Table, TableName, Table extends { Relationships: infer R; } ? R : unknown>; <ViewName extends string, View extends any>(relation: ViewName): PostgrestQueryBuilder<...>; }'.
src/hooks/__tests__/useFreeholds.test.ts(371,10): error TS2339: Property 'mockReturnValueOnce' does not exist on type '{ <TableName extends string, Table extends any>(relation: TableName): PostgrestQueryBuilder<any, any, Table, TableName, Table extends { Relationships: infer R; } ? R : unknown>; <ViewName extends string, View extends any>(relation: ViewName): PostgrestQueryBuilder<...>; }'.
src/hooks/__tests__/useFreeholds.test.ts(380,46): error TS2339: Property 'mock' does not exist on type '{ <TableName extends string, Table extends any>(relation: TableName): PostgrestQueryBuilder<any, any, Table, TableName, Table extends { Relationships: infer R; } ? R : unknown>; <ViewName extends string, View extends any>(relation: ViewName): PostgrestQueryBuilder<...>; }'.
src/hooks/__tests__/useFreeholds.test.ts(386,28): error TS2339: Property 'mock' does not exist on type '{ <TableName extends string, Table extends any>(relation: TableName): PostgrestQueryBuilder<any, any, Table, TableName, Table extends { Relationships: infer R; } ? R : unknown>; <ViewName extends string, View extends any>(relation: ViewName): PostgrestQueryBuilder<...>; }'.
src/hooks/__tests__/useGuildBank.test.ts(100,9): error TS2353: Object literal may only specify known properties, and 'eq' does not exist in type 'PostgrestQueryBuilder<any, any, any, string, unknown>'.
src/hooks/__tests__/useGuildBank.test.ts(127,9): error TS2353: Object literal may only specify known properties, and 'eq' does not exist in type 'PostgrestQueryBuilder<any, any, any, string, unknown>'.
src/hooks/__tests__/useGuildBank.test.ts(197,30): error TS2345: Argument of type '{ select: jest.Mock<any, any, any>; eq: jest.Mock<any, any, any>; maybeSingle: jest.Mock<any, any, any>; }' is not assignable to parameter of type 'PostgrestQueryBuilder<any, any, any, string, unknown>'.
  Type '{ select: Mock<any, any, any>; eq: Mock<any, any, any>; maybeSingle: Mock<any, any, any>; }' is missing the following properties from type 'PostgrestQueryBuilder<any, any, any, string, unknown>': url, headers, urlLengthLimit, cloneRequestState, and 4 more.
src/hooks/__tests__/useGuildBank.test.ts(198,30): error TS2345: Argument of type '{ select: jest.Mock<any, any, any>; order: jest.Mock<any, any, any>; }' is not assignable to parameter of type 'PostgrestQueryBuilder<any, any, any, string, unknown>'.
  Type '{ select: Mock<any, any, any>; order: Mock<any, any, any>; }' is missing the following properties from type 'PostgrestQueryBuilder<any, any, any, string, unknown>': url, headers, urlLengthLimit, cloneRequestState, and 4 more.
src/hooks/__tests__/useGuildBank.test.ts(199,30): error TS2345: Argument of type '{ select: jest.Mock<any, any, any>; eq: jest.Mock<any, any, any>; gt: jest.Mock<any, any, any>; order: jest.Mock<any, any, any>; }' is not assignable to parameter of type 'PostgrestQueryBuilder<any, any, any, string, unknown>'.
  Type '{ select: Mock<any, any, any>; eq: Mock<any, any, any>; gt: Mock<any, any, any>; order: Mock<any, any, any>; }' is missing the following properties from type 'PostgrestQueryBuilder<any, any, any, string, unknown>': url, headers, urlLengthLimit, cloneRequestState, and 4 more.
src/hooks/__tests__/useGuildBank.test.ts(200,30): error TS2345: Argument of type '{ select: jest.Mock<any, any, any>; eq: jest.Mock<any, any, any>; order: jest.Mock<any, any, any>; limit: jest.Mock<any, any, any>; }' is not assignable to parameter of type 'PostgrestQueryBuilder<any, any, any, string, unknown>'.
  Type '{ select: Mock<any, any, any>; eq: Mock<any, any, any>; order: Mock<any, any, any>; limit: Mock<any, any, any>; }' is missing the following properties from type 'PostgrestQueryBuilder<any, any, any, string, unknown>': url, headers, urlLengthLimit, cloneRequestState, and 4 more.
src/hooks/__tests__/useGuildBank.test.ts(201,30): error TS2345: Argument of type '{ select: jest.Mock<any, any, any>; eq: jest.Mock<any, any, any>; in: jest.Mock<any, any, any>; order: jest.Mock<any, any, any>; }' is not assignable to parameter of type 'PostgrestQueryBuilder<any, any, any, string, unknown>'.
  Type '{ select: Mock<any, any, any>; eq: Mock<any, any, any>; in: Mock<any, any, any>; order: Mock<any, any, any>; }' is missing the following properties from type 'PostgrestQueryBuilder<any, any, any, string, unknown>': url, headers, urlLengthLimit, cloneRequestState, and 4 more.
src/hooks/__tests__/useGuildBank.test.ts(221,9): error TS2353: Object literal may only specify known properties, and 'eq' does not exist in type 'PostgrestQueryBuilder<any, any, any, string, unknown>'.
src/hooks/__tests__/useGuildBank.test.ts(248,30): error TS2345: Argument of type '{ select: jest.Mock<any, any, any>; eq: jest.Mock<any, any, any>; order: jest.Mock<any, any, any>; maybeSingle: jest.Mock<any, any, any>; }' is not assignable to parameter of type 'PostgrestQueryBuilder<any, any, any, string, unknown>'.
  Type '{ select: Mock<any, any, any>; eq: Mock<any, any, any>; order: Mock<any, any, any>; maybeSingle: Mock<any, any, any>; }' is missing the following properties from type 'PostgrestQueryBuilder<any, any, any, string, unknown>': url, headers, urlLengthLimit, cloneRequestState, and 4 more.
src/hooks/__tests__/useGuildBank.test.ts(288,30): error TS2345: Argument of type '{ select: jest.Mock<any, any, any>; eq: jest.Mock<any, any, any>; order: jest.Mock<any, any, any>; maybeSingle: jest.Mock<any, any, any>; }' is not assignable to parameter of type 'PostgrestQueryBuilder<any, any, any, string, unknown>'.
  Type '{ select: Mock<any, any, any>; eq: Mock<any, any, any>; order: Mock<any, any, any>; maybeSingle: Mock<any, any, any>; }' is missing the following properties from type 'PostgrestQueryBuilder<any, any, any, string, unknown>': url, headers, urlLengthLimit, cloneRequestState, and 4 more.
src/hooks/__tests__/useGuildBank.test.ts(315,30): error TS2345: Argument of type '{ select: jest.Mock<any, any, any>; eq: jest.Mock<any, any, any>; order: jest.Mock<any, any, any>; maybeSingle: jest.Mock<any, any, any>; }' is not assignable to parameter of type 'PostgrestQueryBuilder<any, any, any, string, unknown>'.
  Type '{ select: Mock<any, any, any>; eq: Mock<any, any, any>; order: Mock<any, any, any>; maybeSingle: Mock<any, any, any>; }' is missing the following properties from type 'PostgrestQueryBuilder<any, any, any, string, unknown>': url, headers, urlLengthLimit, cloneRequestState, and 4 more.
src/hooks/__tests__/useGuildBank.test.ts(340,30): error TS2345: Argument of type '{ select: jest.Mock<any, any, any>; eq: jest.Mock<any, any, any>; order: jest.Mock<any, any, any>; maybeSingle: jest.Mock<any, any, any>; }' is not assignable to parameter of type 'PostgrestQueryBuilder<any, any, any, string, unknown>'.
  Type '{ select: Mock<any, any, any>; eq: Mock<any, any, any>; order: Mock<any, any, any>; maybeSingle: Mock<any, any, any>; }' is missing the following properties from type 'PostgrestQueryBuilder<any, any, any, string, unknown>': url, headers, urlLengthLimit, cloneRequestState, and 4 more.
src/hooks/__tests__/useGuildBank.test.ts(365,30): error TS2345: Argument of type '{ select: jest.Mock<any, any, any>; eq: jest.Mock<any, any, any>; order: jest.Mock<any, any, any>; maybeSingle: jest.Mock<any, any, any>; }' is not assignable to parameter of type 'PostgrestQueryBuilder<any, any, any, string, unknown>'.
  Type '{ select: Mock<any, any, any>; eq: Mock<any, any, any>; order: Mock<any, any, any>; maybeSingle: Mock<any, any, any>; }' is missing the following properties from type 'PostgrestQueryBuilder<any, any, any, string, unknown>': url, headers, urlLengthLimit, cloneRequestState, and 4 more.
src/hooks/__tests__/useGuildBank.test.ts(392,30): error TS2345: Argument of type '{ select: jest.Mock<any, any, any>; eq: jest.Mock<any, any, any>; order: jest.Mock<any, any, any>; maybeSingle: jest.Mock<any, any, any>; }' is not assignable to parameter of type 'PostgrestQueryBuilder<any, any, any, string, unknown>'.
  Type '{ select: Mock<any, any, any>; eq: Mock<any, any, any>; order: Mock<any, any, any>; maybeSingle: Mock<any, any, any>; }' is missing the following properties from type 'PostgrestQueryBuilder<any, any, any, string, unknown>': url, headers, urlLengthLimit, cloneRequestState, and 4 more.
src/hooks/__tests__/useGuildBank.test.ts(417,30): error TS2345: Argument of type '{ select: jest.Mock<any, any, any>; eq: jest.Mock<any, any, any>; order: jest.Mock<any, any, any>; maybeSingle: jest.Mock<any, any, any>; }' is not assignable to parameter of type 'PostgrestQueryBuilder<any, any, any, string, unknown>'.
  Type '{ select: Mock<any, any, any>; eq: Mock<any, any, any>; order: Mock<any, any, any>; maybeSingle: Mock<any, any, any>; }' is missing the following properties from type 'PostgrestQueryBuilder<any, any, any, string, unknown>': url, headers, urlLengthLimit, cloneRequestState, and 4 more.
src/hooks/__tests__/useGuildBank.test.ts(442,30): error TS2345: Argument of type '{ select: jest.Mock<any, any, any>; eq: jest.Mock<any, any, any>; order: jest.Mock<any, any, any>; maybeSingle: jest.Mock<any, any, any>; }' is not assignable to parameter of type 'PostgrestQueryBuilder<any, any, any, string, unknown>'.
  Type '{ select: Mock<any, any, any>; eq: Mock<any, any, any>; order: Mock<any, any, any>; maybeSingle: Mock<any, any, any>; }' is missing the following properties from type 'PostgrestQueryBuilder<any, any, any, string, unknown>': url, headers, urlLengthLimit, cloneRequestState, and 4 more.
src/hooks/__tests__/useGuildBank.test.ts(468,41): error TS2345: Argument of type '{ select: jest.Mock<any, any, any>; eq: jest.Mock<any, any, any>; order: jest.Mock<any, any, any>; maybeSingle: jest.Mock<any, any, any>; }' is not assignable to parameter of type 'PostgrestQueryBuilder<any, any, any, string, unknown>'.
  Type '{ select: Mock<any, any, any>; eq: Mock<any, any, any>; order: Mock<any, any, any>; maybeSingle: Mock<any, any, any>; }' is missing the following properties from type 'PostgrestQueryBuilder<any, any, any, string, unknown>': url, headers, urlLengthLimit, cloneRequestState, and 4 more.
src/hooks/__tests__/useGuildBank.test.ts(491,30): error TS2345: Argument of type '{ select: jest.Mock<any, any, any>; eq: jest.Mock<any, any, any>; order: jest.Mock<any, any, any>; maybeSingle: jest.Mock<any, any, any>; }' is not assignable to parameter of type 'PostgrestQueryBuilder<any, any, any, string, unknown>'.
  Type '{ select: Mock<any, any, any>; eq: Mock<any, any, any>; order: Mock<any, any, any>; maybeSingle: Mock<any, any, any>; }' is missing the following properties from type 'PostgrestQueryBuilder<any, any, any, string, unknown>': url, headers, urlLengthLimit, cloneRequestState, and 4 more.
src/hooks/__tests__/useGuildBank.test.ts(496,30): error TS2345: Argument of type '{ select: jest.Mock<any, any, any>; eq: jest.Mock<any, any, any>; order: jest.Mock<any, any, any>; maybeSingle: jest.Mock<any, any, any>; }' is not assignable to parameter of type 'PostgrestQueryBuilder<any, any, any, string, unknown>'.
  Type '{ select: Mock<any, any, any>; eq: Mock<any, any, any>; order: Mock<any, any, any>; maybeSingle: Mock<any, any, any>; }' is missing the following properties from type 'PostgrestQueryBuilder<any, any, any, string, unknown>': url, headers, urlLengthLimit, cloneRequestState, and 4 more.
src/hooks/__tests__/useLootSystem.test.ts(95,21): error TS2339: Property 'mockReturnValue' does not exist on type '{ <TableName extends string, Table extends any>(relation: TableName): PostgrestQueryBuilder<any, any, Table, TableName, Table extends { Relationships: infer R; } ? R : unknown>; <ViewName extends string, View extends any>(relation: ViewName): PostgrestQueryBuilder<...>; }'.
src/hooks/__tests__/useLootSystem.test.ts(119,21): error TS2339: Property 'mockReturnValue' does not exist on type '{ <TableName extends string, Table extends any>(relation: TableName): PostgrestQueryBuilder<any, any, Table, TableName, Table extends { Relationships: infer R; } ? R : unknown>; <ViewName extends string, View extends any>(relation: ViewName): PostgrestQueryBuilder<...>; }'.
src/hooks/__tests__/useLootSystem.test.ts(160,10): error TS2339: Property 'mockReturnValueOnce' does not exist on type '{ <TableName extends string, Table extends any>(relation: TableName): PostgrestQueryBuilder<any, any, Table, TableName, Table extends { Relationships: infer R; } ? R : unknown>; <ViewName extends string, View extends any>(relation: ViewName): PostgrestQueryBuilder<...>; }'.
src/hooks/__tests__/useLootSystem.test.ts(177,21): error TS2339: Property 'mockReturnValue' does not exist on type '{ <TableName extends string, Table extends any>(relation: TableName): PostgrestQueryBuilder<any, any, Table, TableName, Table extends { Relationships: infer R; } ? R : unknown>; <ViewName extends string, View extends any>(relation: ViewName): PostgrestQueryBuilder<...>; }'.
src/hooks/__tests__/useLootSystem.test.ts(198,21): error TS2339: Property 'mockReturnValue' does not exist on type '{ <TableName extends string, Table extends any>(relation: TableName): PostgrestQueryBuilder<any, any, Table, TableName, Table extends { Relationships: infer R; } ? R : unknown>; <ViewName extends string, View extends any>(relation: ViewName): PostgrestQueryBuilder<...>; }'.
src/hooks/__tests__/useLootSystem.test.ts(214,21): error TS2339: Property 'mockReturnValue' does not exist on type '{ <TableName extends string, Table extends any>(relation: TableName): PostgrestQueryBuilder<any, any, Table, TableName, Table extends { Relationships: infer R; } ? R : unknown>; <ViewName extends string, View extends any>(relation: ViewName): PostgrestQueryBuilder<...>; }'.
src/hooks/__tests__/useLootSystem.test.ts(248,21): error TS2339: Property 'mockReturnValue' does not exist on type '{ <TableName extends string, Table extends any>(relation: TableName): PostgrestQueryBuilder<any, any, Table, TableName, Table extends { Relationships: infer R; } ? R : unknown>; <ViewName extends string, View extends any>(relation: ViewName): PostgrestQueryBuilder<...>; }'.
src/hooks/__tests__/useLootSystem.test.ts(264,21): error TS2339: Property 'mockReturnValue' does not exist on type '{ <TableName extends string, Table extends any>(relation: TableName): PostgrestQueryBuilder<any, any, Table, TableName, Table extends { Relationships: infer R; } ? R : unknown>; <ViewName extends string, View extends any>(relation: ViewName): PostgrestQueryBuilder<...>; }'.
src/hooks/__tests__/useLootSystem.test.ts(280,21): error TS2339: Property 'mockReturnValue' does not exist on type '{ <TableName extends string, Table extends any>(relation: TableName): PostgrestQueryBuilder<any, any, Table, TableName, Table extends { Relationships: infer R; } ? R : unknown>; <ViewName extends string, View extends any>(relation: ViewName): PostgrestQueryBuilder<...>; }'.
src/hooks/__tests__/useLootSystem.test.ts(298,21): error TS2339: Property 'mockReturnValue' does not exist on type '{ <TableName extends string, Table extends any>(relation: TableName): PostgrestQueryBuilder<any, any, Table, TableName, Table extends { Relationships: infer R; } ? R : unknown>; <ViewName extends string, View extends any>(relation: ViewName): PostgrestQueryBuilder<...>; }'.
src/hooks/__tests__/useLootSystem.test.ts(314,21): error TS2339: Property 'mockReturnValue' does not exist on type '{ <TableName extends string, Table extends any>(relation: TableName): PostgrestQueryBuilder<any, any, Table, TableName, Table extends { Relationships: infer R; } ? R : unknown>; <ViewName extends string, View extends any>(relation: ViewName): PostgrestQueryBuilder<...>; }'.
src/hooks/__tests__/useLootSystem.test.ts(352,10): error TS2339: Property 'mockReturnValueOnce' does not exist on type '{ <TableName extends string, Table extends any>(relation: TableName): PostgrestQueryBuilder<any, any, Table, TableName, Table extends { Relationships: infer R; } ? R : unknown>; <ViewName extends string, View extends any>(relation: ViewName): PostgrestQueryBuilder<...>; }'.
src/hooks/__tests__/useLootSystem.test.ts(390,10): error TS2339: Property 'mockReturnValueOnce' does not exist on type '{ <TableName extends string, Table extends any>(relation: TableName): PostgrestQueryBuilder<any, any, Table, TableName, Table extends { Relationships: infer R; } ? R : unknown>; <ViewName extends string, View extends any>(relation: ViewName): PostgrestQueryBuilder<...>; }'.
src/hooks/__tests__/useLootSystem.test.ts(416,46): error TS2339: Property 'mock' does not exist on type '{ <TableName extends string, Table extends any>(relation: TableName): PostgrestQueryBuilder<any, any, Table, TableName, Table extends { Relationships: infer R; } ? R : unknown>; <ViewName extends string, View extends any>(relation: ViewName): PostgrestQueryBuilder<...>; }'.
src/hooks/__tests__/useLootSystem.test.ts(422,28): error TS2339: Property 'mock' does not exist on type '{ <TableName extends string, Table extends any>(relation: TableName): PostgrestQueryBuilder<any, any, Table, TableName, Table extends { Relationships: infer R; } ? R : unknown>; <ViewName extends string, View extends any>(relation: ViewName): PostgrestQueryBuilder<...>; }'.
src/hooks/__tests__/useParties.test.ts(117,21): error TS2339: Property 'mockReturnValue' does not exist on type '{ <TableName extends string, Table extends any>(relation: TableName): PostgrestQueryBuilder<any, any, Table, TableName, Table extends { Relationships: infer R; } ? R : unknown>; <ViewName extends string, View extends any>(relation: ViewName): PostgrestQueryBuilder<...>; }'.
src/hooks/__tests__/useParties.test.ts(139,21): error TS2339: Property 'mockReturnValue' does not exist on type '{ <TableName extends string, Table extends any>(relation: TableName): PostgrestQueryBuilder<any, any, Table, TableName, Table extends { Relationships: infer R; } ? R : unknown>; <ViewName extends string, View extends any>(relation: ViewName): PostgrestQueryBuilder<...>; }'.
src/hooks/__tests__/useParties.test.ts(164,21): error TS2339: Property 'mockReturnValue' does not exist on type '{ <TableName extends string, Table extends any>(relation: TableName): PostgrestQueryBuilder<any, any, Table, TableName, Table extends { Relationships: infer R; } ? R : unknown>; <ViewName extends string, View extends any>(relation: ViewName): PostgrestQueryBuilder<...>; }'.
src/hooks/__tests__/useParties.test.ts(186,21): error TS2339: Property 'mockReturnValue' does not exist on type '{ <TableName extends string, Table extends any>(relation: TableName): PostgrestQueryBuilder<any, any, Table, TableName, Table extends { Relationships: infer R; } ? R : unknown>; <ViewName extends string, View extends any>(relation: ViewName): PostgrestQueryBuilder<...>; }'.
src/hooks/__tests__/useParties.test.ts(204,21): error TS2339: Property 'mockReturnValue' does not exist on type '{ <TableName extends string, Table extends any>(relation: TableName): PostgrestQueryBuilder<any, any, Table, TableName, Table extends { Relationships: infer R; } ? R : unknown>; <ViewName extends string, View extends any>(relation: ViewName): PostgrestQueryBuilder<...>; }'.
src/hooks/__tests__/useParties.test.ts(254,10): error TS2339: Property 'mockReturnValueOnce' does not exist on type '{ <TableName extends string, Table extends any>(relation: TableName): PostgrestQueryBuilder<any, any, Table, TableName, Table extends { Relationships: infer R; } ? R : unknown>; <ViewName extends string, View extends any>(relation: ViewName): PostgrestQueryBuilder<...>; }'.
src/hooks/__tests__/useParties.test.ts(284,21): error TS2339: Property 'mockReturnValue' does not exist on type '{ <TableName extends string, Table extends any>(relation: TableName): PostgrestQueryBuilder<any, any, Table, TableName, Table extends { Relationships: infer R; } ? R : unknown>; <ViewName extends string, View extends any>(relation: ViewName): PostgrestQueryBuilder<...>; }'.
src/hooks/__tests__/useParties.test.ts(328,10): error TS2339: Property 'mockReturnValueOnce' does not exist on type '{ <TableName extends string, Table extends any>(relation: TableName): PostgrestQueryBuilder<any, any, Table, TableName, Table extends { Relationships: infer R; } ? R : unknown>; <ViewName extends string, View extends any>(relation: ViewName): PostgrestQueryBuilder<...>; }'.
src/hooks/__tests__/useParties.test.ts(346,21): error TS2339: Property 'mockReturnValue' does not exist on type '{ <TableName extends string, Table extends any>(relation: TableName): PostgrestQueryBuilder<any, any, Table, TableName, Table extends { Relationships: infer R; } ? R : unknown>; <ViewName extends string, View extends any>(relation: ViewName): PostgrestQueryBuilder<...>; }'.
src/hooks/__tests__/useParties.test.ts(358,21): error TS2339: Property 'mockReturnValueOnce' does not exist on type '{ <TableName extends string, Table extends any>(relation: TableName): PostgrestQueryBuilder<any, any, Table, TableName, Table extends { Relationships: infer R; } ? R : unknown>; <ViewName extends string, View extends any>(relation: ViewName): PostgrestQueryBuilder<...>; }'.
src/hooks/__tests__/useParties.test.ts(393,10): error TS2339: Property 'mockReturnValueOnce' does not exist on type '{ <TableName extends string, Table extends any>(relation: TableName): PostgrestQueryBuilder<any, any, Table, TableName, Table extends { Relationships: infer R; } ? R : unknown>; <ViewName extends string, View extends any>(relation: ViewName): PostgrestQueryBuilder<...>; }'.
src/hooks/__tests__/useParties.test.ts(429,10): error TS2339: Property 'mockReturnValueOnce' does not exist on type '{ <TableName extends string, Table extends any>(relation: TableName): PostgrestQueryBuilder<any, any, Table, TableName, Table extends { Relationships: infer R; } ? R : unknown>; <ViewName extends string, View extends any>(relation: ViewName): PostgrestQueryBuilder<...>; }'.
src/hooks/__tests__/useParties.test.ts(463,10): error TS2339: Property 'mockReturnValueOnce' does not exist on type '{ <TableName extends string, Table extends any>(relation: TableName): PostgrestQueryBuilder<any, any, Table, TableName, Table extends { Relationships: infer R; } ? R : unknown>; <ViewName extends string, View extends any>(relation: ViewName): PostgrestQueryBuilder<...>; }'.
src/hooks/__tests__/useParties.test.ts(498,10): error TS2339: Property 'mockReturnValueOnce' does not exist on type '{ <TableName extends string, Table extends any>(relation: TableName): PostgrestQueryBuilder<any, any, Table, TableName, Table extends { Relationships: infer R; } ? R : unknown>; <ViewName extends string, View extends any>(relation: ViewName): PostgrestQueryBuilder<...>; }'.
src/hooks/__tests__/useParties.test.ts(531,10): error TS2339: Property 'mockReturnValueOnce' does not exist on type '{ <TableName extends string, Table extends any>(relation: TableName): PostgrestQueryBuilder<any, any, Table, TableName, Table extends { Relationships: infer R; } ? R : unknown>; <ViewName extends string, View extends any>(relation: ViewName): PostgrestQueryBuilder<...>; }'.
src/hooks/__tests__/useParties.test.ts(558,10): error TS2339: Property 'mockReturnValueOnce' does not exist on type '{ <TableName extends string, Table extends any>(relation: TableName): PostgrestQueryBuilder<any, any, Table, TableName, Table extends { Relationships: infer R; } ? R : unknown>; <ViewName extends string, View extends any>(relation: ViewName): PostgrestQueryBuilder<...>; }'.
src/hooks/__tests__/useParties.test.ts(567,46): error TS2339: Property 'mock' does not exist on type '{ <TableName extends string, Table extends any>(relation: TableName): PostgrestQueryBuilder<any, any, Table, TableName, Table extends { Relationships: infer R; } ? R : unknown>; <ViewName extends string, View extends any>(relation: ViewName): PostgrestQueryBuilder<...>; }'.
src/hooks/__tests__/useParties.test.ts(573,28): error TS2339: Property 'mock' does not exist on type '{ <TableName extends string, Table extends any>(relation: TableName): PostgrestQueryBuilder<any, any, Table, TableName, Table extends { Relationships: infer R; } ? R : unknown>; <ViewName extends string, View extends any>(relation: ViewName): PostgrestQueryBuilder<...>; }'.
src/hooks/__tests__/useParties.test.ts(579,21): error TS2339: Property 'mockReturnValue' does not exist on type '{ <TableName extends string, Table extends any>(relation: TableName): PostgrestQueryBuilder<any, any, Table, TableName, Table extends { Relationships: infer R; } ? R : unknown>; <ViewName extends string, View extends any>(relation: ViewName): PostgrestQueryBuilder<...>; }'.
